<html>
<body>
<pre>
<h1>µVision Build Log</h1>
<h2>Tool Versions:</h2>
IDE-Version: µVision V5.37.0.0
Copyright (C) 2022 ARM Ltd and ARM Germany GmbH. All rights reserved.
License Information: Beshoy Wesa, LegsGo, LIC=----
 
Tool Versions:
Toolchain:       MDK-Lite  Version: 5.37.0.0
Toolchain Path:  E:\B.programs\my c disk\keil.c\ARM\ARMCLANG\Bin
C Compiler:      ArmClang.exe V6.18
Assembler:       Armasm.exe V6.18
Linker/Locator:  ArmLink.exe V6.18
Library Manager: ArmAr.exe V6.18
Hex Converter:   FromElf.exe V6.18
CPU DLL:         SARMCM3.DLL V5.37.0.0
Dialog DLL:      DCM.DLL V1.17.5.0
Target DLL:      UL2CM3.DLL V1.164.7.0
Dialog DLL:      TCM.DLL V1.56.1.0
 
<h2>Project:</h2>
E:\B.programs\Advanced Embedded System Course\03- Code\LedTest6\LedTest6.uvprojx
Project File Date:  07/18/2022

<h2>Output:</h2>
*** Using Compiler 'V6.18', folder: 'E:\B.programs\my c disk\keil.c\ARM\ARMCLANG\Bin'
Rebuild target 'Target 1'
../../04- System/02- Mcal/02- PORT/PORT_Config.c(19): warning: In file included from...
../../04- System/02- Mcal/02- PORT/PORT_Int.h(181): warning: commas at the end of enumerator lists are a C99-specific feature [-Wc99-extensions]
    Port_InternalAttach_OpenDrain,
                                 ^
../../04- System/02- Mcal/02- PORT/PORT_Int.h(189): warning: commas at the end of enumerator lists are a C99-specific feature [-Wc99-extensions]
    Port_CurrDrive_8mA,
                      ^
../../04- System/02- Mcal/02- PORT/PORT_Config.c(20): warning: In file included from...
../../04- System/02- Mcal/02- PORT/PORT_Config.h(27): warning: no newline at end of file [-Wnewline-eof]
#endif /* PORT_CONFIG_H */
                          ^
../../04- System/02- Mcal/02- PORT/PORT_Config.c(22): warning: no previous extern declaration for non-static variable 'PortCfgArr' [-Wmissing-variable-declarations]
Port_ConfigType PortCfgArr[PORT_NUM_OF_ACTIVATED_CH] = {
                ^
../../04- System/02- Mcal/02- PORT/PORT_Config.c(22): note: declare 'static' if the variable is not intended to be used outside of this translation unit
Port_ConfigType PortCfgArr[PORT_NUM_OF_ACTIVATED_CH] = {
^
../../04- System/02- Mcal/02- PORT/PORT_Config.c(76): warning: no newline at end of file [-Wnewline-eof]
};
  ^
5 warnings generated.
compiling PORT_Config.c...
assembling startup_TM4C123.s...
../../04- System/02- Mcal/02- PORT/PORT_Program.c(20): warning: In file included from...
../../04- System/05- Lib\BIT_MATH.h(22): warning: no newline at end of file [-Wnewline-eof]
#endif
      ^
../../04- System/02- Mcal/02- PORT/PORT_Program.c(22): warning: In file included from...
../../04- System/02- Mcal/02- PORT/PORT_Int.h(181): warning: commas at the end of enumerator lists are a C99-specific feature [-Wc99-extensions]
    Port_InternalAttach_OpenDrain,
                                 ^
../../04- System/02- Mcal/02- PORT/PORT_Int.h(189): warning: commas at the end of enumerator lists are a C99-specific feature [-Wc99-extensions]
    Port_CurrDrive_8mA,
                      ^
../../04- System/02- Mcal/02- PORT/PORT_Program.c(23): warning: In file included from...
../../04- System/02- Mcal/01- DIO_v2\DIO_Private.h(40): warning: // comments are not allowed in this language [-Wcomment]
// the register to enable gpio ports
^
../../04- System/02- Mcal/02- PORT/PORT_Program.c(24): warning: In file included from...
../../04- System/02- Mcal/02- PORT/PORT_Config.h(27): warning: no newline at end of file [-Wnewline-eof]
#endif /* PORT_CONFIG_H */
                          ^
../../04- System/02- Mcal/02- PORT/PORT_Program.c(59): warning: implicit conversion changes signedness: 'int' to 'unsigned long' [-Wsign-conversion]
        BaseAddr->DIR |= PortCfgArr[CfgArrIndex].Dir << ChannelPosInPort;
                      ~~ ~~~~~~~~~~~~~~~~~~~~~~~~~~~~^~~~~~~~~~~~~~~~~~~
../../04- System/02- Mcal/02- PORT/PORT_Program.c(72): warning: implicit conversion changes signedness: 'int' to 'unsigned long' [-Wsign-conversion]
        BaseAddr->PCTL |= ( PortCfgArr[CfgArrIndex].Mode << (ChannelPosInPort*4) );
                       ~~   ~~~~~~~~~~~~~~~~~~~~~~~~~~~~~^~~~~~~~~~~~~~~~~~~~~~~
../../04- System/02- Mcal/02- PORT/PORT_Program.c(123): warning: // comments are not allowed in this language [-Wcomment]
            //DO NOTHING
            ^
../../04- System/02- Mcal/02- PORT/PORT_Program.c(174): warning: implicit conversion changes signedness: 'int' to 'unsigned long' [-Wsign-conversion]
        BaseAddr->CR |= PortCfgArr[CfgArrIndex].LockStatus << ChannelPosInPort;
                     ~~ ~~~~~~~~~~~~~~~~~~~~~~~~~~~~~~~~~~~^~~~~~~~~~~~~~~~~~~
9 warnings generated.
compiling PORT_Program.c...
../../04- System/02- Mcal/04- STK/STK_Program.c(20): warning: In file included from...
../../04- System/05- Lib\BIT_MATH.h(22): warning: no newline at end of file [-Wnewline-eof]
#endif
      ^
../../04- System/02- Mcal/04- STK/STK_Program.c(23): warning: In file included from...
../../04- System/02- Mcal/04- STK/STK_Private.h(34): warning: // comments are not allowed in this language [-Wcomment]
//#define TIMER0                                ((TIMER0_Type*)(0x40030000))
^
../../04- System/02- Mcal/04- STK/STK_Program.c(45): warning: // comments are not allowed in this language [-Wcomment]
        //SYS[0] = 0x00000003;
        ^
../../04- System/02- Mcal/04- STK/STK_Program.c(44): warning: implicit conversion changes signedness: 'int' to 'unsigned long' [-Wsign-conversion]
        CLR_BIT(STCTRL,CLKSOURCE);
        ^~~~~~~~~~~~~~~~~~~~~~~~~
../../04- System/05- Lib\BIT_MATH.h(12): note: expanded from macro 'CLR_BIT'
#define CLR_BIT(VAR,BIT)                        VAR &= ~(1<<(BIT))
                                                    ~~ ^~~~~~~~~~~
../../04- System/02- Mcal/04- STK/STK_Program.c(93): warning: implicit conversion changes signedness: 'int' to 'unsigned long' [-Wsign-conversion]
        STRELOAD &= ~((0xFFFFFF)<<0);
                 ~~ ^~~~~~~~~~~~~~~~
../../04- System/02- Mcal/04- STK/STK_Program.c(130): warning: implicit conversion changes signedness: 'int' to 'unsigned long' [-Wsign-conversion]
        STRELOAD &= ~((0xFFFFFF)<<0);
                 ~~ ^~~~~~~~~~~~~~~~
../../04- System/02- Mcal/04- STK/STK_Program.c(151): warning: implicit conversion changes signedness: 'int' to 'unsigned long' [-Wsign-conversion]
                        CLR_BIT(STCTRL, 1);
                        ^~~~~~~~~~~~~~~~~~
../../04- System/05- Lib\BIT_MATH.h(12): note: expanded from macro 'CLR_BIT'
#define CLR_BIT(VAR,BIT)                        VAR &= ~(1<<(BIT))
                                                    ~~ ^~~~~~~~~~~
../../04- System/02- Mcal/04- STK/STK_Program.c(146): warning: variable 'Local_u8Temporary' set but not used [-Wunused-but-set-variable]
        u8 Local_u8Temporary;
           ^
../../04- System/02- Mcal/04- STK/STK_Program.c(143): warning: no previous prototype for function 'SysTick_Handler' [-Wmissing-prototypes]
void SysTick_Handler(void)
     ^
../../04- System/02- Mcal/04- STK/STK_Program.c(143): note: declare 'static' if the function is not intended to be used outside of this translation unit
void SysTick_Handler(void)
^
static 
../../04- System/02- Mcal/04- STK/STK_Program.c(28): warning: no previous extern declaration for non-static variable 'MSTK_Callback' [-Wmissing-variable-declarations]
void (*MSTK_Callback) (void);
       ^
../../04- System/02- Mcal/04- STK/STK_Program.c(28): note: declare 'static' if the variable is not intended to be used outside of this translation unit
void (*MSTK_Callback) (void);
^
10 warnings generated.
compiling STK_Program.c...
main.c(2): warning: In file included from...
../../04- System/05- Lib\BIT_MATH.h(22): warning: no newline at end of file [-Wnewline-eof]
#endif
      ^
main.c(4): warning: In file included from...
../../04- System/02- Mcal/01- DIO_v2\DIO_Int.h(93): warning: // comments are not allowed in this language [-Wcomment]
    DIO_ChannelE6,                      //not exist
                                        ^
main.c(5): warning: In file included from...
../../04- System/02- Mcal/02- PORT\PORT_Int.h(181): warning: commas at the end of enumerator lists are a C99-specific feature [-Wc99-extensions]
    Port_InternalAttach_OpenDrain,
                                 ^
../../04- System/02- Mcal/02- PORT\PORT_Int.h(189): warning: commas at the end of enumerator lists are a C99-specific feature [-Wc99-extensions]
    Port_CurrDrive_8mA,
                      ^
main.c(9): warning: // comments are not allowed in this language [-Wcomment]
//u32 ms = 8000;
^
main.c(12): warning: no previous extern declaration for non-static variable 'LightTime' [-Wmissing-variable-declarations]
u8 LightTime = 2;
   ^
main.c(12): note: declare 'static' if the variable is not intended to be used outside of this translation unit
u8 LightTime = 2;
^
main.c(14): warning: no previous extern declaration for non-static variable 'DimTime' [-Wmissing-variable-declarations]
u8 DimTime = 1;
   ^
main.c(14): note: declare 'static' if the variable is not intended to be used outside of this translation unit
u8 DimTime = 1;
^
main.c(51): warning: 'return' will never be executed [-Wunreachable-code-return]
        return 0;
               ^
8 warnings generated.
compiling main.c...
../../04- System/02- Mcal/01- DIO_v2/DIO_Program.c(20): warning: In file included from...
../../04- System/05- Lib\BIT_MATH.h(22): warning: no newline at end of file [-Wnewline-eof]
#endif
      ^
../../04- System/02- Mcal/01- DIO_v2/DIO_Program.c(22): warning: In file included from...
../../04- System/02- Mcal/01- DIO_v2/DIO_Int.h(93): warning: // comments are not allowed in this language [-Wcomment]
    DIO_ChannelE6,                      //not exist
                                        ^
../../04- System/02- Mcal/01- DIO_v2/DIO_Program.c(23): warning: In file included from...
../../04- System/02- Mcal/01- DIO_v2/DIO_Private.h(40): warning: // comments are not allowed in this language [-Wcomment]
// the register to enable gpio ports
^
../../04- System/02- Mcal/01- DIO_v2/DIO_Program.c(24): warning: // comments are not allowed in this language [-Wcomment]
//#include "DIO_Config.h"
^
../../04- System/02- Mcal/01- DIO_v2/DIO_Program.c(91): warning: implicit conversion changes signedness: 'int' to 'unsigned long' [-Wsign-conversion]
    case DIO_PortA :ASSIGN_BIT(DIOA->DATA, PinNo, Level);       break;
                    ^~~~~~~~~~~~~~~~~~~~~~~~~~~~~~~~~~~~
../../04- System/05- Lib\BIT_MATH.h(18): note: expanded from macro 'ASSIGN_BIT'
#define ASSIGN_BIT(VAR,BIT,Val)                            (VAR = (VAR&~(1<<BIT))|(Val<<BIT))
                                                                                 ~ ~~~^~~~~
../../04- System/02- Mcal/01- DIO_v2/DIO_Program.c(92): warning: implicit conversion changes signedness: 'int' to 'unsigned long' [-Wsign-conversion]
    case DIO_PortB :ASSIGN_BIT(DIOB->DATA, PinNo, Level);       break;
                    ^~~~~~~~~~~~~~~~~~~~~~~~~~~~~~~~~~~~
../../04- System/05- Lib\BIT_MATH.h(18): note: expanded from macro 'ASSIGN_BIT'
#define ASSIGN_BIT(VAR,BIT,Val)                            (VAR = (VAR&~(1<<BIT))|(Val<<BIT))
                                                                                 ~ ~~~^~~~~
../../04- System/02- Mcal/01- DIO_v2/DIO_Program.c(93): warning: implicit conversion changes signedness: 'int' to 'unsigned long' [-Wsign-conversion]
    case DIO_PortC :ASSIGN_BIT(DIOC->DATA, PinNo, Level);       break;
                    ^~~~~~~~~~~~~~~~~~~~~~~~~~~~~~~~~~~~
../../04- System/05- Lib\BIT_MATH.h(18): note: expanded from macro 'ASSIGN_BIT'
#define ASSIGN_BIT(VAR,BIT,Val)                            (VAR = (VAR&~(1<<BIT))|(Val<<BIT))
                                                                                 ~ ~~~^~~~~
../../04- System/02- Mcal/01- DIO_v2/DIO_Program.c(94): warning: implicit conversion changes signedness: 'int' to 'unsigned long' [-Wsign-conversion]
    case DIO_PortD :ASSIGN_BIT(DIOD->DATA, PinNo, Level);       break;
                    ^~~~~~~~~~~~~~~~~~~~~~~~~~~~~~~~~~~~
../../04- System/05- Lib\BIT_MATH.h(18): note: expanded from macro 'ASSIGN_BIT'
#define ASSIGN_BIT(VAR,BIT,Val)                            (VAR = (VAR&~(1<<BIT))|(Val<<BIT))
                                                                                 ~ ~~~^~~~~
../../04- System/02- Mcal/01- DIO_v2/DIO_Program.c(95): warning: implicit conversion changes signedness: 'int' to 'unsigned long' [-Wsign-conversion]
    case DIO_PortE :ASSIGN_BIT(DIOE->DATA, PinNo, Level);       break;
                    ^~~~~~~~~~~~~~~~~~~~~~~~~~~~~~~~~~~~
../../04- System/05- Lib\BIT_MATH.h(18): note: expanded from macro 'ASSIGN_BIT'
#define ASSIGN_BIT(VAR,BIT,Val)                            (VAR = (VAR&~(1<<BIT))|(Val<<BIT))
                                                                                 ~ ~~~^~~~~
../../04- System/02- Mcal/01- DIO_v2/DIO_Program.c(96): warning: implicit conversion changes signedness: 'int' to 'unsigned long' [-Wsign-conversion]
    case DIO_PortF :ASSIGN_BIT(DIOF->DATA, PinNo, Level);       break;
                    ^~~~~~~~~~~~~~~~~~~~~~~~~~~~~~~~~~~~
../../04- System/05- Lib\BIT_MATH.h(18): note: expanded from macro 'ASSIGN_BIT'
#define ASSIGN_BIT(VAR,BIT,Val)                            (VAR = (VAR&~(1<<BIT))|(Val<<BIT))
                                                                                 ~ ~~~^~~~~
../../04- System/02- Mcal/01- DIO_v2/DIO_Program.c(97): warning: default label in switch which covers all enumeration values [-Wcovered-switch-default]
    default :   break;
    ^
../../04- System/02- Mcal/01- DIO_v2/DIO_Program.c(127): warning: default label in switch which covers all enumeration values [-Wcovered-switch-default]
    default :   break;
    ^
../../04- System/02- Mcal/01- DIO_v2/DIO_Program.c(112): warning: no previous prototype for function 'Dio_ReadChannel' [-Wmissing-prototypes]
DIO_LevelType Dio_ReadChannel(DIO_ChannelType ChannelId)
              ^
../../04- System/02- Mcal/01- DIO_v2/DIO_Program.c(112): note: declare 'static' if the function is not intended to be used outside of this translation unit
DIO_LevelType Dio_ReadChannel(DIO_ChannelType ChannelId)
^
static 
../../04- System/02- Mcal/01- DIO_v2/DIO_Program.c(151): warning: implicit conversion loses integer precision: 'volatile u32' (aka 'volatile unsigned long') to 'u8' (aka 'unsigned char') [-Wimplicit-int-conversion]
    case DIO_PortA :PortValue = DIOA->DATA;     break;
                              ~ ~~~~~~^~~~
../../04- System/02- Mcal/01- DIO_v2/DIO_Program.c(152): warning: implicit conversion loses integer precision: 'volatile u32' (aka 'volatile unsigned long') to 'u8' (aka 'unsigned char') [-Wimplicit-int-conversion]
    case DIO_PortB :PortValue = DIOB->DATA;     break;
                              ~ ~~~~~~^~~~
../../04- System/02- Mcal/01- DIO_v2/DIO_Program.c(153): warning: implicit conversion loses integer precision: 'volatile u32' (aka 'volatile unsigned long') to 'u8' (aka 'unsigned char') [-Wimplicit-int-conversion]
    case DIO_PortC :PortValue = DIOC->DATA;     break;
                              ~ ~~~~~~^~~~
../../04- System/02- Mcal/01- DIO_v2/DIO_Program.c(154): warning: implicit conversion loses integer precision: 'volatile u32' (aka 'volatile unsigned long') to 'u8' (aka 'unsigned char') [-Wimplicit-int-conversion]
    case DIO_PortD :PortValue = DIOD->DATA;     break;
                              ~ ~~~~~~^~~~
../../04- System/02- Mcal/01- DIO_v2/DIO_Program.c(155): warning: implicit conversion loses integer precision: 'volatile u32' (aka 'volatile unsigned long') to 'u8' (aka 'unsigned char') [-Wimplicit-int-conversion]
    case DIO_PortE :PortValue = DIOE->DATA;  break;
                              ~ ~~~~~~^~~~
../../04- System/02- Mcal/01- DIO_v2/DIO_Program.c(156): warning: implicit conversion loses integer precision: 'volatile u32' (aka 'volatile unsigned long') to 'u8' (aka 'unsigned char') [-Wimplicit-int-conversion]
    case DIO_PortF :PortValue = DIOF->DATA;     break;
                              ~ ~~~~~~^~~~
../../04- System/02- Mcal/01- DIO_v2/DIO_Program.c(157): warning: default label in switch which covers all enumeration values [-Wcovered-switch-default]
    default :   break;
    ^
../../04- System/02- Mcal/01- DIO_v2/DIO_Program.c(185): warning: default label in switch which covers all enumeration values [-Wcovered-switch-default]
    default :   break;
    ^
../../04- System/02- Mcal/01- DIO_v2/DIO_Program.c(214): warning: default label in switch which covers all enumeration values [-Wcovered-switch-default]
    default :   break;
    ^
22 warnings generated.
compiling DIO_Program.c...
RTE/Device/TM4C123GH6PM/system_TM4C123.c(13): warning: In file included from...
E:/B.programs/my c disk/keil.p/Keil/TM4C_DFP/1.1.0/Device/Include/TM4C123\TM4C123.h(98): warning: In file included from...
E:/B.programs/my c disk/keil.p/Keil/TM4C_DFP/1.1.0/Device/Include/TM4C123/TM4C123GH6PM.h(298): warning: anonymous unions are a C11 extension [-Wc11-extensions]
  union {
  ^
E:/B.programs/my c disk/keil.p/Keil/TM4C_DFP/1.1.0/Device/Include/TM4C123/TM4C123GH6PM.h(338): warning: anonymous unions are a C11 extension [-Wc11-extensions]
  union {
  ^
E:/B.programs/my c disk/keil.p/Keil/TM4C_DFP/1.1.0/Device/Include/TM4C123/TM4C123GH6PM.h(357): warning: anonymous unions are a C11 extension [-Wc11-extensions]
  union {
  ^
E:/B.programs/my c disk/keil.p/Keil/TM4C_DFP/1.1.0/Device/Include/TM4C123/TM4C123GH6PM.h(713): warning: anonymous unions are a C11 extension [-Wc11-extensions]
  union {
  ^
E:/B.programs/my c disk/keil.p/Keil/TM4C_DFP/1.1.0/Device/Include/TM4C123/TM4C123GH6PM.h(729): warning: anonymous unions are a C11 extension [-Wc11-extensions]
  union {
  ^
E:/B.programs/my c disk/keil.p/Keil/TM4C_DFP/1.1.0/Device/Include/TM4C123/TM4C123GH6PM.h(774): warning: anonymous unions are a C11 extension [-Wc11-extensions]
  union {
  ^
E:/B.programs/my c disk/keil.p/Keil/TM4C_DFP/1.1.0/Device/Include/TM4C123/TM4C123GH6PM.h(779): warning: anonymous unions are a C11 extension [-Wc11-extensions]
  union {
  ^
E:/B.programs/my c disk/keil.p/Keil/TM4C_DFP/1.1.0/Device/Include/TM4C123/TM4C123GH6PM.h(872): warning: anonymous unions are a C11 extension [-Wc11-extensions]
  union {
  ^
E:/B.programs/my c disk/keil.p/Keil/TM4C_DFP/1.1.0/Device/Include/TM4C123/TM4C123GH6PM.h(885): warning: anonymous unions are a C11 extension [-Wc11-extensions]
  union {
  ^
E:/B.programs/my c disk/keil.p/Keil/TM4C_DFP/1.1.0/Device/Include/TM4C123/TM4C123GH6PM.h(892): warning: anonymous unions are a C11 extension [-Wc11-extensions]
  union {
  ^
E:/B.programs/my c disk/keil.p/Keil/TM4C_DFP/1.1.0/Device/Include/TM4C123/TM4C123GH6PM.h(897): warning: anonymous unions are a C11 extension [-Wc11-extensions]
  union {
  ^
E:/B.programs/my c disk/keil.p/Keil/TM4C_DFP/1.1.0/Device/Include/TM4C123/TM4C123GH6PM.h(904): warning: anonymous unions are a C11 extension [-Wc11-extensions]
  union {
  ^
E:/B.programs/my c disk/keil.p/Keil/TM4C_DFP/1.1.0/Device/Include/TM4C123/TM4C123GH6PM.h(910): warning: anonymous unions are a C11 extension [-Wc11-extensions]
  union {
  ^
E:/B.programs/my c disk/keil.p/Keil/TM4C_DFP/1.1.0/Device/Include/TM4C123/TM4C123GH6PM.h(917): warning: anonymous unions are a C11 extension [-Wc11-extensions]
  union {
  ^
E:/B.programs/my c disk/keil.p/Keil/TM4C_DFP/1.1.0/Device/Include/TM4C123/TM4C123GH6PM.h(924): warning: anonymous unions are a C11 extension [-Wc11-extensions]
  union {
  ^
E:/B.programs/my c disk/keil.p/Keil/TM4C_DFP/1.1.0/Device/Include/TM4C123/TM4C123GH6PM.h(929): warning: anonymous unions are a C11 extension [-Wc11-extensions]
  union {
  ^
E:/B.programs/my c disk/keil.p/Keil/TM4C_DFP/1.1.0/Device/Include/TM4C123/TM4C123GH6PM.h(936): warning: anonymous unions are a C11 extension [-Wc11-extensions]
  union {
  ^
E:/B.programs/my c disk/keil.p/Keil/TM4C_DFP/1.1.0/Device/Include/TM4C123/TM4C123GH6PM.h(942): warning: anonymous unions are a C11 extension [-Wc11-extensions]
  union {
  ^
E:/B.programs/my c disk/keil.p/Keil/TM4C_DFP/1.1.0/Device/Include/TM4C123/TM4C123GH6PM.h(949): warning: anonymous unions are a C11 extension [-Wc11-extensions]
  union {
  ^
E:/B.programs/my c disk/keil.p/Keil/TM4C_DFP/1.1.0/Device/Include/TM4C123/TM4C123GH6PM.h(956): warning: anonymous unions are a C11 extension [-Wc11-extensions]
  union {
  ^
E:/B.programs/my c disk/keil.p/Keil/TM4C_DFP/1.1.0/Device/Include/TM4C123/TM4C123GH6PM.h(961): warning: anonymous unions are a C11 extension [-Wc11-extensions]
  union {
  ^
E:/B.programs/my c disk/keil.p/Keil/TM4C_DFP/1.1.0/Device/Include/TM4C123/TM4C123GH6PM.h(968): warning: anonymous unions are a C11 extension [-Wc11-extensions]
  union {
  ^
E:/B.programs/my c disk/keil.p/Keil/TM4C_DFP/1.1.0/Device/Include/TM4C123/TM4C123GH6PM.h(974): warning: anonymous unions are a C11 extension [-Wc11-extensions]
  union {
  ^
E:/B.programs/my c disk/keil.p/Keil/TM4C_DFP/1.1.0/Device/Include/TM4C123/TM4C123GH6PM.h(981): warning: anonymous unions are a C11 extension [-Wc11-extensions]
  union {
  ^
E:/B.programs/my c disk/keil.p/Keil/TM4C_DFP/1.1.0/Device/Include/TM4C123/TM4C123GH6PM.h(988): warning: anonymous unions are a C11 extension [-Wc11-extensions]
  union {
  ^
E:/B.programs/my c disk/keil.p/Keil/TM4C_DFP/1.1.0/Device/Include/TM4C123/TM4C123GH6PM.h(993): warning: anonymous unions are a C11 extension [-Wc11-extensions]
  union {
  ^
E:/B.programs/my c disk/keil.p/Keil/TM4C_DFP/1.1.0/Device/Include/TM4C123/TM4C123GH6PM.h(1000): warning: anonymous unions are a C11 extension [-Wc11-extensions]
  union {
  ^
E:/B.programs/my c disk/keil.p/Keil/TM4C_DFP/1.1.0/Device/Include/TM4C123/TM4C123GH6PM.h(1006): warning: anonymous unions are a C11 extension [-Wc11-extensions]
  union {
  ^
E:/B.programs/my c disk/keil.p/Keil/TM4C_DFP/1.1.0/Device/Include/TM4C123/TM4C123GH6PM.h(1013): warning: anonymous unions are a C11 extension [-Wc11-extensions]
  union {
  ^
E:/B.programs/my c disk/keil.p/Keil/TM4C_DFP/1.1.0/Device/Include/TM4C123/TM4C123GH6PM.h(1020): warning: anonymous unions are a C11 extension [-Wc11-extensions]
  union {
  ^
E:/B.programs/my c disk/keil.p/Keil/TM4C_DFP/1.1.0/Device/Include/TM4C123/TM4C123GH6PM.h(1025): warning: anonymous unions are a C11 extension [-Wc11-extensions]
  union {
  ^
E:/B.programs/my c disk/keil.p/Keil/TM4C_DFP/1.1.0/Device/Include/TM4C123/TM4C123GH6PM.h(1032): warning: anonymous unions are a C11 extension [-Wc11-extensions]
  union {
  ^
E:/B.programs/my c disk/keil.p/Keil/TM4C_DFP/1.1.0/Device/Include/TM4C123/TM4C123GH6PM.h(1038): warning: anonymous unions are a C11 extension [-Wc11-extensions]
  union {
  ^
E:/B.programs/my c disk/keil.p/Keil/TM4C_DFP/1.1.0/Device/Include/TM4C123/TM4C123GH6PM.h(1045): warning: anonymous unions are a C11 extension [-Wc11-extensions]
  union {
  ^
E:/B.programs/my c disk/keil.p/Keil/TM4C_DFP/1.1.0/Device/Include/TM4C123/TM4C123GH6PM.h(1052): warning: anonymous unions are a C11 extension [-Wc11-extensions]
  union {
  ^
E:/B.programs/my c disk/keil.p/Keil/TM4C_DFP/1.1.0/Device/Include/TM4C123/TM4C123GH6PM.h(1057): warning: anonymous unions are a C11 extension [-Wc11-extensions]
  union {
  ^
E:/B.programs/my c disk/keil.p/Keil/TM4C_DFP/1.1.0/Device/Include/TM4C123/TM4C123GH6PM.h(1064): warning: anonymous unions are a C11 extension [-Wc11-extensions]
  union {
  ^
E:/B.programs/my c disk/keil.p/Keil/TM4C_DFP/1.1.0/Device/Include/TM4C123/TM4C123GH6PM.h(1070): warning: anonymous unions are a C11 extension [-Wc11-extensions]
  union {
  ^
E:/B.programs/my c disk/keil.p/Keil/TM4C_DFP/1.1.0/Device/Include/TM4C123/TM4C123GH6PM.h(1077): warning: anonymous unions are a C11 extension [-Wc11-extensions]
  union {
  ^
E:/B.programs/my c disk/keil.p/Keil/TM4C_DFP/1.1.0/Device/Include/TM4C123/TM4C123GH6PM.h(1084): warning: anonymous unions are a C11 extension [-Wc11-extensions]
  union {
  ^
E:/B.programs/my c disk/keil.p/Keil/TM4C_DFP/1.1.0/Device/Include/TM4C123/TM4C123GH6PM.h(1089): warning: anonymous unions are a C11 extension [-Wc11-extensions]
  union {
  ^
E:/B.programs/my c disk/keil.p/Keil/TM4C_DFP/1.1.0/Device/Include/TM4C123/TM4C123GH6PM.h(1096): warning: anonymous unions are a C11 extension [-Wc11-extensions]
  union {
  ^
E:/B.programs/my c disk/keil.p/Keil/TM4C_DFP/1.1.0/Device/Include/TM4C123/TM4C123GH6PM.h(1102): warning: anonymous unions are a C11 extension [-Wc11-extensions]
  union {
  ^
E:/B.programs/my c disk/keil.p/Keil/TM4C_DFP/1.1.0/Device/Include/TM4C123/TM4C123GH6PM.h(1251): warning: anonymous unions are a C11 extension [-Wc11-extensions]
  union {
  ^
RTE/Device/TM4C123GH6PM/system_TM4C123.c(19): warning: // comments are not allowed in this language [-Wcomment]
//-------- <<< Use Configuration Wizard in Context Menu >>> ------------------
^
45 warnings generated.
compiling system_TM4C123.c...
linking...
Program Size: Code=2668 RO-data=652 RW-data=328 ZI-data=616  
".\Objects\LedTest6.axf" - 0 Error(s), 99 Warning(s).

<h2>Software Packages used:</h2>

Package Vendor: ARM
                http://www.keil.com/pack/ARM.CMSIS.5.9.0.pack
                ARM.CMSIS.5.9.0
                CMSIS (Common Microcontroller Software Interface Standard)
   * Component: CORE Version: 5.6.0

Package Vendor: Keil
                http://www.keil.com/pack/Keil.TM4C_DFP.1.1.0.pack
                Keil.TM4C_DFP.1.1.0
                Texas Instruments Tiva C Series Device Support and Examples
   * Component: Startup Version: 1.0.1

<h2>Collection of Component include folders:</h2>
  ./RTE/_Target_1
  E:/B.programs/my c disk/keil.p/ARM/CMSIS/5.9.0/CMSIS/Core/Include
  E:/B.programs/my c disk/keil.p/Keil/TM4C_DFP/1.1.0/Device/Include/TM4C123

<h2>Collection of Component Files used:</h2>

   * Component: ARM::CMSIS:CORE:5.6.0

   * Component: Keil::Device:Startup:1.0.1
      Source file:   Device/Source/system_TM4C123.c
      Include file:  Device/Include/TM4C123/TM4C123.h
      Source file:   Device/Source/ARM/startup_TM4C123.s
Build Time Elapsed:  00:00:03
</pre>
</body>
</html>
